../Core/Src/main.c:74:6:uartSend	16	static
../Core/Src/main.c:78:6:printTime	80	static
../Core/Src/main.c:92:6:drawWatch	120	static
../Core/Src/main.c:140:5:main	16	static
../Core/Src/main.c:190:6:SystemClock_Config	72	static
../Core/Src/main.c:223:13:MX_SPI1_Init	8	static
../Core/Src/main.c:256:13:MX_USART1_UART_Init	8	static
../Core/Src/main.c:285:13:MX_GPIO_Init	32	static
../Core/Src/main.c:307:6:HAL_UART_RxCpltCallback	40	static
../Core/Src/main.c:352:6:Error_Handler	4	static,ignoring_inline_asm
